#
# A fatal error has been detected by the Java Runtime Environment:
#
#  EXCEPTION_ACCESS_VIOLATION (0xc0000005) at pc=0x00007ffcc0cc1661, pid=4212, tid=10296
#
# JRE version: Java(TM) SE Runtime Environment (19.0.2+7) (build 19.0.2+7-44)
# Java VM: Java HotSpot(TM) 64-Bit Server VM (19.0.2+7-44, mixed mode, sharing, tiered, compressed oops, compressed class ptrs, g1 gc, windows-amd64)
# Problematic frame:
# C  [flatlaf-windows-x86_64-42201555322000.dll+0x1661]
#
# No core dump will be written. Minidumps are not enabled by default on client versions of Windows
#
# If you would like to submit a bug report, please visit:
#   https://bugreport.java.com/bugreport/crash.jsp
# The crash happened outside the Java Virtual Machine in native code.
# See problematic frame for where to report the bug.
#

---------------  S U M M A R Y ------------

Command Line: -Dfile.encoding=UTF-8 --module-path=C:\Users\ACER\Documents\NetBeansProjects\ERP\build\classes com.erp.UnitPage

Host: 11th Gen Intel(R) Core(TM) i5-1135G7 @ 2.40GHz, 8 cores, 15G,  Windows 10 , 64 bit Build 19041 (10.0.19041.1202)
Time: Sun Jun 14 14:09:15 2026 Myanmar Standard Time elapsed time: 6.008211 seconds (0d 0h 0m 6s)

---------------  T H R E A D  ---------------

Current thread (0x000001a6ff4a8a90):  JavaThread "AWT-Windows" daemon [_thread_in_native, id=10296, stack(0x0000005ca6300000,0x0000005ca6400000)]

Stack: [0x0000005ca6300000,0x0000005ca6400000],  sp=0x0000005ca63fec50,  free space=1019k
Native frames: (J=compiled Java code, j=interpreted, Vv=VM code, C=native code)
C  [flatlaf-windows-x86_64-42201555322000.dll+0x1661]

Java frames: (J=compiled Java code, j=interpreted, Vv=VM code)
j  sun.awt.windows.WToolkit.eventLoop()V+0 java.desktop@19.0.2
j  sun.awt.windows.WToolkit.run()V+50 java.desktop@19.0.2
j  java.lang.Thread.run()V+13 java.base@19.0.2
v  ~StubRoutines::call_stub 0x000001a6ed1410e8

siginfo: EXCEPTION_ACCESS_VIOLATION (0xc0000005), reading address 0x0000000000000020


Registers:
RAX=0x0000000000000000, RBX=0x0000000000009803, RCX=0x0000000000000000, RDX=0x00000000000e02a0
RSP=0x0000005ca63fec50, RBP=0x00000000000e02a0, RSI=0x0000000000000000, RDI=0x0000000000000000
R8 =0x0000000000009803, R9 =0x0000000000000000, R10=0x00007ffccdea45f0, R11=0x0000000000000100
R12=0x0000000000000000, R13=0x0000000000009803, R14=0x0000000000000000, R15=0x00000000001d01f1
RIP=0x00007ffcc0cc1661, EFLAGS=0x0000000000010202


Register to memory mapping:

RIP=0x00007ffcc0cc1661 flatlaf-windows-x86_64-42201555322000.dll
RAX=0x0 is NULL
RBX=0x0000000000009803 is an unknown value
RCX=0x0 is NULL
RDX=0x00000000000e02a0 is an unknown value
RSP=0x0000005ca63fec50 is pointing into the stack for thread: 0x000001a6ff4a8a90
RBP=0x00000000000e02a0 is an unknown value
RSI=0x0 is NULL
RDI=0x0 is NULL
R8 =0x0000000000009803 is an unknown value
R9 =0x0 is NULL
R10=0x00007ffccdea45f0 USER32.dll
R11=0x0000000000000100 is an unknown value
R12=0x0 is NULL
R13=0x0000000000009803 is an unknown value
R14=0x0 is NULL
R15=0x00000000001d01f1 is an unknown value


Top of Stack: (sp=0x0000005ca63fec50)
0x0000005ca63fec50:   0000000000000000 00000000002e036e
0x0000005ca63fec60:   000000000000c165 0000000000000000
0x0000005ca63fec70:   000001a686a42440 00007ffcc0cc10c5
0x0000005ca63fec80:   000000008000ffff 0000000000000001
0x0000005ca63fec90:   0000000000000000 0000000000000000
0x0000005ca63feca0:   0000000000000000 00007ffcc0cc13f4
0x0000005ca63fecb0:   00000000001d01f1 00000000000e02a0
0x0000005ca63fecc0:   0000000000009803 0000000000000000
0x0000005ca63fecd0:   00000000001d01f1 0000000000000000
0x0000005ca63fece0:   0000000080000022 00007ffccddfe7e8
0x0000005ca63fecf0:   0000000000000001 0000005ca63feee0
0x0000005ca63fed00:   0000000000000000 0000000000000000
0x0000005ca63fed10:   000001a6ff4a8d70 00007ffccddf35a5
0x0000005ca63fed20:   000001a6ff4a8a90 00007ffc61967406
0x0000005ca63fed30:   0000000000000000 0000000000000000
0x0000005ca63fed40:   8000002200000000 0000000000000000 

Instructions: (pc=0x00007ffcc0cc1661)
0x00007ffcc0cc1561:   b9 5c 00 00 00 8b d8 ff 15 22 1b 00 00 8b d3 b9
0x00007ffcc0cc1571:   21 00 00 00 8b f8 ff 15 13 1b 00 00 03 f8 44 3b
0x00007ffcc0cc1581:   f7 7d 18 ba f0 ff ff ff 48 8b cd ff 15 3e 1b 00
0x00007ffcc0cc1591:   00 0f ba e0 12 73 04 b3 01 eb 02 32 db 48 8b 4e
0x00007ffcc0cc15a1:   08 48 85 c9 75 32 48 8b 0e 48 8d 56 08 41 b8 02
0x00007ffcc0cc15b1:   00 01 00 48 8b 01 ff 50 30 48 8b 4e 08 48 85 c9
0x00007ffcc0cc15c1:   75 16 b8 01 00 00 00 84 db b9 0c 00 00 00 0f 45
0x00007ffcc0cc15d1:   c1 48 98 e9 a0 00 00 00 4c 8b 05 28 2a 00 00 45
0x00007ffcc0cc15e1:   8b cf 48 8b 56 10 0f b6 c3 89 44 24 28 44 89 74
0x00007ffcc0cc15f1:   24 20 e8 58 fd ff ff 48 98 eb 7d 81 fb a5 00 00
0x00007ffcc0cc1601:   00 74 3f 81 fb 20 03 00 00 75 55 48 8b 49 08 48
0x00007ffcc0cc1611:   85 c9 75 1c 48 8b 0e 48 8d 56 08 41 b8 02 00 01
0x00007ffcc0cc1621:   00 48 8b 01 ff 50 30 48 8b 4e 08 48 85 c9 74 30
0x00007ffcc0cc1631:   4c 8b 05 e0 29 00 00 48 8b 56 10 e8 3f fd ff ff
0x00007ffcc0cc1641:   eb 1e 49 8d 41 fe 48 83 f8 01 77 14 49 8b c7 45
0x00007ffcc0cc1651:   0f bf c7 48 c1 e8 10 44 0f bf c8 e8 df 04 00 00
0x00007ffcc0cc1661:   48 8b 4e 20 44 8b c3 4c 89 7c 24 20 4c 8b cf 48
0x00007ffcc0cc1671:   8b d5 ff 15 47 1a 00 00 48 8b 5c 24 60 48 8b 6c
0x00007ffcc0cc1681:   24 68 48 8b 74 24 70 48 83 c4 40 41 5f 41 5e 5f
0x00007ffcc0cc1691:   c3 cc cc cc cc cc cc cc cc cc cc cc cc cc cc 48
0x00007ffcc0cc16a1:   89 7c 24 18 4c 89 74 24 20 55 48 8d 6c 24 b1 48
0x00007ffcc0cc16b1:   81 ec c0 00 00 00 48 8b f9 48 8b 49 20 4c 8b f2
0x00007ffcc0cc16c1:   49 83 f9 01 74 14 48 8b 45 7f 48 89 44 24 20 ff
0x00007ffcc0cc16d1:   15 ea 19 00 00 e9 da 01 00 00 48 89 9c 24 d0 00
0x00007ffcc0cc16e1:   00 00 41 b9 01 00 00 00 48 8b 5d 7f 48 89 b4 24
0x00007ffcc0cc16f1:   d8 00 00 00 48 89 5c 24 20 8b 73 04 ff 15 bd 19
0x00007ffcc0cc1701:   00 00 48 85 c0 0f 85 99 01 00 00 49 8b ce 89 73
0x00007ffcc0cc1711:   04 ff 15 90 19 00 00 85 c0 0f 84 83 01 00 00 48
0x00007ffcc0cc1721:   8b 4f 08 48 85 c9 75 1c 48 8b 0f 48 8d 57 08 41
0x00007ffcc0cc1731:   b8 02 00 01 00 48 8b 01 ff 50 30 48 8b 4f 08 48
0x00007ffcc0cc1741:   85 c9 74 1b 4c 8b 05 c4 28 00 00 48 8b 57 10 e8
0x00007ffcc0cc1751:   cb fb ff ff 0f b6 c0 85 c0 0f 85 43 01 00 00 48 


Stack slot to memory mapping:
stack at sp + 0 slots: 0x0 is NULL
stack at sp + 1 slots: 0x00000000002e036e is an unknown value
stack at sp + 2 slots: 0x000000000000c165 is an unknown value
stack at sp + 3 slots: 0x0 is NULL
stack at sp + 4 slots: 0x000001a686a42440 points into unknown readable memory: 0x0000001400000000 | 00 00 00 00 14 00 00 00
stack at sp + 5 slots: 0x00007ffcc0cc10c5 flatlaf-windows-x86_64-42201555322000.dll
stack at sp + 6 slots: 0x000000008000ffff is an unknown value
stack at sp + 7 slots: 0x0000000000000001 is an unknown value


---------------  P R O C E S S  ---------------

Threads class SMR info:
_java_thread_list=0x000001a686c251b0, length=16, elements={
0x000001a6fefd4680, 0x000001a6fefd5470, 0x000001a6fefd93a0, 0x000001a6ff110310,
0x000001a6ff110c40, 0x000001a6ff111570, 0x000001a6fefe7500, 0x000001a6fefec790,
0x000001a6fefed100, 0x000001a6fefa9040, 0x000001a6ff261cc0, 0x000001a6ff4a8010,
0x000001a6ff4a8550, 0x000001a6ff4a8a90, 0x000001a6867f9bf0, 0x000001a6ddc98b20
}

Java Threads: ( => current thread )
  0x000001a6fefd4680 JavaThread "Reference Handler" daemon [_thread_blocked, id=2728, stack(0x0000005ca5400000,0x0000005ca5500000)]
  0x000001a6fefd5470 JavaThread "Finalizer" daemon [_thread_blocked, id=13212, stack(0x0000005ca5500000,0x0000005ca5600000)]
  0x000001a6fefd93a0 JavaThread "Signal Dispatcher" daemon [_thread_blocked, id=5972, stack(0x0000005ca5600000,0x0000005ca5700000)]
  0x000001a6ff110310 JavaThread "Attach Listener" daemon [_thread_blocked, id=12672, stack(0x0000005ca5700000,0x0000005ca5800000)]
  0x000001a6ff110c40 JavaThread "Service Thread" daemon [_thread_blocked, id=9904, stack(0x0000005ca5800000,0x0000005ca5900000)]
  0x000001a6ff111570 JavaThread "Monitor Deflation Thread" daemon [_thread_blocked, id=12328, stack(0x0000005ca5900000,0x0000005ca5a00000)]
  0x000001a6fefe7500 JavaThread "C2 CompilerThread0" daemon [_thread_blocked, id=13008, stack(0x0000005ca5a00000,0x0000005ca5b00000)]
  0x000001a6fefec790 JavaThread "C1 CompilerThread0" daemon [_thread_blocked, id=12424, stack(0x0000005ca5b00000,0x0000005ca5c00000)]
  0x000001a6fefed100 JavaThread "Sweeper thread" daemon [_thread_blocked, id=7220, stack(0x0000005ca5c00000,0x0000005ca5d00000)]
  0x000001a6fefa9040 JavaThread "Common-Cleaner" daemon [_thread_blocked, id=6780, stack(0x0000005ca5d00000,0x0000005ca5e00000)]
  0x000001a6ff261cc0 JavaThread "Notification Thread" daemon [_thread_blocked, id=7908, stack(0x0000005ca5e00000,0x0000005ca5f00000)]
  0x000001a6ff4a8010 JavaThread "Java2D Disposer" daemon [_thread_blocked, id=12392, stack(0x0000005ca6100000,0x0000005ca6200000)]
  0x000001a6ff4a8550 JavaThread "AWT-Shutdown" [_thread_blocked, id=9656, stack(0x0000005ca6200000,0x0000005ca6300000)]
=>0x000001a6ff4a8a90 JavaThread "AWT-Windows" daemon [_thread_in_native, id=10296, stack(0x0000005ca6300000,0x0000005ca6400000)]
  0x000001a6867f9bf0 JavaThread "AWT-EventQueue-0" [_thread_in_native, id=8120, stack(0x0000005ca6400000,0x0000005ca6500000)]
  0x000001a6ddc98b20 JavaThread "DestroyJavaVM" [_thread_blocked, id=2168, stack(0x0000005ca4d00000,0x0000005ca4e00000)]

Other Threads:
  0x000001a6fefb83d0 VMThread "VM Thread" [stack: 0x0000005ca5300000,0x0000005ca5400000] [id=12256]
  0x000001a6ff256c90 WatcherThread "VM Periodic Task Thread" [stack: 0x0000005ca5f00000,0x0000005ca6000000] [id=1728]
  0x000001a6ddd090d0 WorkerThread "GC Thread#0" [stack: 0x0000005ca4e00000,0x0000005ca4f00000] [id=11628]
  0x000001a6ddd1afe0 ConcurrentGCThread "G1 Main Marker" [stack: 0x0000005ca4f00000,0x0000005ca5000000] [id=8932]
  0x000001a6ddd1b920 WorkerThread "G1 Conc#0" [stack: 0x0000005ca5000000,0x0000005ca5100000] [id=9388]
  0x000001a6ddd6e9a0 ConcurrentGCThread "G1 Refine#0" [stack: 0x0000005ca5100000,0x0000005ca5200000] [id=12740]
  0x000001a6fee77600 ConcurrentGCThread "G1 Service" [stack: 0x0000005ca5200000,0x0000005ca5300000] [id=7928]

Threads with active compile tasks:

VM state: not at safepoint (normal execution)

VM Mutex/Monitor currently owned by a thread: None

Heap address: 0x0000000703600000, size: 4042 MB, Compressed Oops mode: Zero based, Oop shift amount: 3

CDS archive(s) mapped at: [0x0000000800000000-0x0000000800c40000-0x0000000800c40000), size 12845056, SharedBaseAddress: 0x0000000800000000, ArchiveRelocationMode: 0.
Compressed class space mapped at: 0x0000000801000000-0x0000000841000000, reserved size: 1073741824
Narrow klass base: 0x0000000800000000, Narrow klass shift: 0, Narrow klass range: 0x100000000

GC Precious Log:
 CardTable entry size: 512
 Card Set container configuration: InlinePtr #cards 4 size 8 Array Of Cards #cards 16 size 48 Howl #buckets 8 coarsen threshold 3686 Howl Bitmap #cards 512 size 80 coarsen threshold 460 Card regions per heap region 1 cards per card region 4096
 CPUs: 8 total, 8 available
 Memory: 16163M
 Large Page Support: Disabled
 NUMA Support: Disabled
 Compressed Oops: Enabled (Zero based)
 Heap Region Size: 2M
 Heap Min Capacity: 8M
 Heap Initial Capacity: 254M
 Heap Max Capacity: 4042M
 Pre-touch: Disabled
 Parallel Workers: 8
 Concurrent Workers: 2
 Concurrent Refinement Workers: 8
 Periodic GC: Disabled

Heap:
 garbage-first heap   total 260096K, used 16384K [0x0000000703600000, 0x0000000800000000)
  region size 2048K, 8 young (16384K), 0 survivors (0K)
 Metaspace       used 9282K, committed 9600K, reserved 1114112K
  class space    used 985K, committed 1152K, reserved 1048576K

Heap Regions: E=young(eden), S=young(survivor), O=old, HS=humongous(starts), HC=humongous(continues), CS=collection set, F=free, OA=open archive, CA=closed archive, TAMS=top-at-mark-start (previous, next)
|   0|0x0000000703600000, 0x0000000703800000, 0x0000000703800000|100%|HS|  |TAMS 0x0000000703600000, 0x0000000703600000| Complete 
|   1|0x0000000703800000, 0x0000000703800000, 0x0000000703a00000|  0%| F|  |TAMS 0x0000000703800000, 0x0000000703800000| Untracked 
|   2|0x0000000703a00000, 0x0000000703a00000, 0x0000000703c00000|  0%| F|  |TAMS 0x0000000703a00000, 0x0000000703a00000| Untracked 
|   3|0x0000000703c00000, 0x0000000703c00000, 0x0000000703e00000|  0%| F|  |TAMS 0x0000000703c00000, 0x0000000703c00000| Untracked 
|   4|0x0000000703e00000, 0x0000000703e00000, 0x0000000704000000|  0%| F|  |TAMS 0x0000000703e00000, 0x0000000703e00000| Untracked 
|   5|0x0000000704000000, 0x0000000704000000, 0x0000000704200000|  0%| F|  |TAMS 0x0000000704000000, 0x0000000704000000| Untracked 
|   6|0x0000000704200000, 0x0000000704200000, 0x0000000704400000|  0%| F|  |TAMS 0x0000000704200000, 0x0000000704200000| Untracked 
|   7|0x0000000704400000, 0x0000000704400000, 0x0000000704600000|  0%| F|  |TAMS 0x0000000704400000, 0x0000000704400000| Untracked 
|   8|0x0000000704600000, 0x0000000704600000, 0x0000000704800000|  0%| F|  |TAMS 0x0000000704600000, 0x0000000704600000| Untracked 
|   9|0x0000000704800000, 0x0000000704800000, 0x0000000704a00000|  0%| F|  |TAMS 0x0000000704800000, 0x0000000704800000| Untracked 
|  10|0x0000000704a00000, 0x0000000704a00000, 0x0000000704c00000|  0%| F|  |TAMS 0x0000000704a00000, 0x0000000704a00000| Untracked 
|  11|0x0000000704c00000, 0x0000000704c00000, 0x0000000704e00000|  0%| F|  |TAMS 0x0000000704c00000, 0x0000000704c00000| Untracked 
|  12|0x0000000704e00000, 0x0000000704e00000, 0x0000000705000000|  0%| F|  |TAMS 0x0000000704e00000, 0x0000000704e00000| Untracked 
|  13|0x0000000705000000, 0x0000000705000000, 0x0000000705200000|  0%| F|  |TAMS 0x0000000705000000, 0x0000000705000000| Untracked 
|  14|0x0000000705200000, 0x0000000705200000, 0x0000000705400000|  0%| F|  |TAMS 0x0000000705200000, 0x0000000705200000| Untracked 
|  15|0x0000000705400000, 0x0000000705400000, 0x0000000705600000|  0%| F|  |TAMS 0x0000000705400000, 0x0000000705400000| Untracked 
|  16|0x0000000705600000, 0x0000000705600000, 0x0000000705800000|  0%| F|  |TAMS 0x0000000705600000, 0x0000000705600000| Untracked 
|  17|0x0000000705800000, 0x0000000705800000, 0x0000000705a00000|  0%| F|  |TAMS 0x0000000705800000, 0x0000000705800000| Untracked 
|  18|0x0000000705a00000, 0x0000000705a00000, 0x0000000705c00000|  0%| F|  |TAMS 0x0000000705a00000, 0x0000000705a00000| Untracked 
|  19|0x0000000705c00000, 0x0000000705c00000, 0x0000000705e00000|  0%| F|  |TAMS 0x0000000705c00000, 0x0000000705c00000| Untracked 
|  20|0x0000000705e00000, 0x0000000705e00000, 0x0000000706000000|  0%| F|  |TAMS 0x0000000705e00000, 0x0000000705e00000| Untracked 
|  21|0x0000000706000000, 0x0000000706000000, 0x0000000706200000|  0%| F|  |TAMS 0x0000000706000000, 0x0000000706000000| Untracked 
|  22|0x0000000706200000, 0x0000000706200000, 0x0000000706400000|  0%| F|  |TAMS 0x0000000706200000, 0x0000000706200000| Untracked 
|  23|0x0000000706400000, 0x0000000706400000, 0x0000000706600000|  0%| F|  |TAMS 0x0000000706400000, 0x0000000706400000| Untracked 
|  24|0x0000000706600000, 0x0000000706600000, 0x0000000706800000|  0%| F|  |TAMS 0x0000000706600000, 0x0000000706600000| Untracked 
|  25|0x0000000706800000, 0x0000000706800000, 0x0000000706a00000|  0%| F|  |TAMS 0x0000000706800000, 0x0000000706800000| Untracked 
|  26|0x0000000706a00000, 0x0000000706a00000, 0x0000000706c00000|  0%| F|  |TAMS 0x0000000706a00000, 0x0000000706a00000| Untracked 
|  27|0x0000000706c00000, 0x0000000706c00000, 0x0000000706e00000|  0%| F|  |TAMS 0x0000000706c00000, 0x0000000706c00000| Untracked 
|  28|0x0000000706e00000, 0x0000000706e00000, 0x0000000707000000|  0%| F|  |TAMS 0x0000000706e00000, 0x0000000706e00000| Untracked 
|  29|0x0000000707000000, 0x0000000707000000, 0x0000000707200000|  0%| F|  |TAMS 0x0000000707000000, 0x0000000707000000| Untracked 
|  30|0x0000000707200000, 0x0000000707200000, 0x0000000707400000|  0%| F|  |TAMS 0x0000000707200000, 0x0000000707200000| Untracked 
|  31|0x0000000707400000, 0x0000000707400000, 0x0000000707600000|  0%| F|  |TAMS 0x0000000707400000, 0x0000000707400000| Untracked 
|  32|0x0000000707600000, 0x0000000707600000, 0x0000000707800000|  0%| F|  |TAMS 0x0000000707600000, 0x0000000707600000| Untracked 
|  33|0x0000000707800000, 0x0000000707800000, 0x0000000707a00000|  0%| F|  |TAMS 0x0000000707800000, 0x0000000707800000| Untracked 
|  34|0x0000000707a00000, 0x0000000707a00000, 0x0000000707c00000|  0%| F|  |TAMS 0x0000000707a00000, 0x0000000707a00000| Untracked 
|  35|0x0000000707c00000, 0x0000000707c00000, 0x0000000707e00000|  0%| F|  |TAMS 0x0000000707c00000, 0x0000000707c00000| Untracked 
|  36|0x0000000707e00000, 0x0000000707e00000, 0x0000000708000000|  0%| F|  |TAMS 0x0000000707e00000, 0x0000000707e00000| Untracked 
|  37|0x0000000708000000, 0x0000000708000000, 0x0000000708200000|  0%| F|  |TAMS 0x0000000708000000, 0x0000000708000000| Untracked 
|  38|0x0000000708200000, 0x0000000708200000, 0x0000000708400000|  0%| F|  |TAMS 0x0000000708200000, 0x0000000708200000| Untracked 
|  39|0x0000000708400000, 0x0000000708400000, 0x0000000708600000|  0%| F|  |TAMS 0x0000000708400000, 0x0000000708400000| Untracked 
|  40|0x0000000708600000, 0x0000000708600000, 0x0000000708800000|  0%| F|  |TAMS 0x0000000708600000, 0x0000000708600000| Untracked 
|  41|0x0000000708800000, 0x0000000708800000, 0x0000000708a00000|  0%| F|  |TAMS 0x0000000708800000, 0x0000000708800000| Untracked 
|  42|0x0000000708a00000, 0x0000000708a00000, 0x0000000708c00000|  0%| F|  |TAMS 0x0000000708a00000, 0x0000000708a00000| Untracked 
|  43|0x0000000708c00000, 0x0000000708c00000, 0x0000000708e00000|  0%| F|  |TAMS 0x0000000708c00000, 0x0000000708c00000| Untracked 
|  44|0x0000000708e00000, 0x0000000708e00000, 0x0000000709000000|  0%| F|  |TAMS 0x0000000708e00000, 0x0000000708e00000| Untracked 
|  45|0x0000000709000000, 0x0000000709000000, 0x0000000709200000|  0%| F|  |TAMS 0x0000000709000000, 0x0000000709000000| Untracked 
|  46|0x0000000709200000, 0x0000000709200000, 0x0000000709400000|  0%| F|  |TAMS 0x0000000709200000, 0x0000000709200000| Untracked 
|  47|0x0000000709400000, 0x0000000709400000, 0x0000000709600000|  0%| F|  |TAMS 0x0000000709400000, 0x0000000709400000| Untracked 
|  48|0x0000000709600000, 0x0000000709600000, 0x0000000709800000|  0%| F|  |TAMS 0x0000000709600000, 0x0000000709600000| Untracked 
|  49|0x0000000709800000, 0x0000000709800000, 0x0000000709a00000|  0%| F|  |TAMS 0x0000000709800000, 0x0000000709800000| Untracked 
|  50|0x0000000709a00000, 0x0000000709a00000, 0x0000000709c00000|  0%| F|  |TAMS 0x0000000709a00000, 0x0000000709a00000| Untracked 
|  51|0x0000000709c00000, 0x0000000709c00000, 0x0000000709e00000|  0%| F|  |TAMS 0x0000000709c00000, 0x0000000709c00000| Untracked 
|  52|0x0000000709e00000, 0x0000000709e00000, 0x000000070a000000|  0%| F|  |TAMS 0x0000000709e00000, 0x0000000709e00000| Untracked 
|  53|0x000000070a000000, 0x000000070a000000, 0x000000070a200000|  0%| F|  |TAMS 0x000000070a000000, 0x000000070a000000| Untracked 
|  54|0x000000070a200000, 0x000000070a200000, 0x000000070a400000|  0%| F|  |TAMS 0x000000070a200000, 0x000000070a200000| Untracked 
|  55|0x000000070a400000, 0x000000070a400000, 0x000000070a600000|  0%| F|  |TAMS 0x000000070a400000, 0x000000070a400000| Untracked 
|  56|0x000000070a600000, 0x000000070a600000, 0x000000070a800000|  0%| F|  |TAMS 0x000000070a600000, 0x000000070a600000| Untracked 
|  57|0x000000070a800000, 0x000000070a800000, 0x000000070aa00000|  0%| F|  |TAMS 0x000000070a800000, 0x000000070a800000| Untracked 
|  58|0x000000070aa00000, 0x000000070aa00000, 0x000000070ac00000|  0%| F|  |TAMS 0x000000070aa00000, 0x000000070aa00000| Untracked 
|  59|0x000000070ac00000, 0x000000070ac00000, 0x000000070ae00000|  0%| F|  |TAMS 0x000000070ac00000, 0x000000070ac00000| Untracked 
|  60|0x000000070ae00000, 0x000000070ae00000, 0x000000070b000000|  0%| F|  |TAMS 0x000000070ae00000, 0x000000070ae00000| Untracked 
|  61|0x000000070b000000, 0x000000070b000000, 0x000000070b200000|  0%| F|  |TAMS 0x000000070b000000, 0x000000070b000000| Untracked 
|  62|0x000000070b200000, 0x000000070b200000, 0x000000070b400000|  0%| F|  |TAMS 0x000000070b200000, 0x000000070b200000| Untracked 
|  63|0x000000070b400000, 0x000000070b400000, 0x000000070b600000|  0%| F|  |TAMS 0x000000070b400000, 0x000000070b400000| Untracked 
|  64|0x000000070b600000, 0x000000070b600000, 0x000000070b800000|  0%| F|  |TAMS 0x000000070b600000, 0x000000070b600000| Untracked 
|  65|0x000000070b800000, 0x000000070b800000, 0x000000070ba00000|  0%| F|  |TAMS 0x000000070b800000, 0x000000070b800000| Untracked 
|  66|0x000000070ba00000, 0x000000070ba00000, 0x000000070bc00000|  0%| F|  |TAMS 0x000000070ba00000, 0x000000070ba00000| Untracked 
|  67|0x000000070bc00000, 0x000000070bc00000, 0x000000070be00000|  0%| F|  |TAMS 0x000000070bc00000, 0x000000070bc00000| Untracked 
|  68|0x000000070be00000, 0x000000070be00000, 0x000000070c000000|  0%| F|  |TAMS 0x000000070be00000, 0x000000070be00000| Untracked 
|  69|0x000000070c000000, 0x000000070c000000, 0x000000070c200000|  0%| F|  |TAMS 0x000000070c000000, 0x000000070c000000| Untracked 
|  70|0x000000070c200000, 0x000000070c200000, 0x000000070c400000|  0%| F|  |TAMS 0x000000070c200000, 0x000000070c200000| Untracked 
|  71|0x000000070c400000, 0x000000070c400000, 0x000000070c600000|  0%| F|  |TAMS 0x000000070c400000, 0x000000070c400000| Untracked 
|  72|0x000000070c600000, 0x000000070c600000, 0x000000070c800000|  0%| F|  |TAMS 0x000000070c600000, 0x000000070c600000| Untracked 
|  73|0x000000070c800000, 0x000000070c800000, 0x000000070ca00000|  0%| F|  |TAMS 0x000000070c800000, 0x000000070c800000| Untracked 
|  74|0x000000070ca00000, 0x000000070ca00000, 0x000000070cc00000|  0%| F|  |TAMS 0x000000070ca00000, 0x000000070ca00000| Untracked 
|  75|0x000000070cc00000, 0x000000070cc00000, 0x000000070ce00000|  0%| F|  |TAMS 0x000000070cc00000, 0x000000070cc00000| Untracked 
|  76|0x000000070ce00000, 0x000000070ce00000, 0x000000070d000000|  0%| F|  |TAMS 0x000000070ce00000, 0x000000070ce00000| Untracked 
|  77|0x000000070d000000, 0x000000070d000000, 0x000000070d200000|  0%| F|  |TAMS 0x000000070d000000, 0x000000070d000000| Untracked 
|  78|0x000000070d200000, 0x000000070d200000, 0x000000070d400000|  0%| F|  |TAMS 0x000000070d200000, 0x000000070d200000| Untracked 
|  79|0x000000070d400000, 0x000000070d400000, 0x000000070d600000|  0%| F|  |TAMS 0x000000070d400000, 0x000000070d400000| Untracked 
|  80|0x000000070d600000, 0x000000070d600000, 0x000000070d800000|  0%| F|  |TAMS 0x000000070d600000, 0x000000070d600000| Untracked 
|  81|0x000000070d800000, 0x000000070d800000, 0x000000070da00000|  0%| F|  |TAMS 0x000000070d800000, 0x000000070d800000| Untracked 
|  82|0x000000070da00000, 0x000000070da00000, 0x000000070dc00000|  0%| F|  |TAMS 0x000000070da00000, 0x000000070da00000| Untracked 
|  83|0x000000070dc00000, 0x000000070dc00000, 0x000000070de00000|  0%| F|  |TAMS 0x000000070dc00000, 0x000000070dc00000| Untracked 
|  84|0x000000070de00000, 0x000000070de00000, 0x000000070e000000|  0%| F|  |TAMS 0x000000070de00000, 0x000000070de00000| Untracked 
|  85|0x000000070e000000, 0x000000070e000000, 0x000000070e200000|  0%| F|  |TAMS 0x000000070e000000, 0x000000070e000000| Untracked 
|  86|0x000000070e200000, 0x000000070e200000, 0x000000070e400000|  0%| F|  |TAMS 0x000000070e200000, 0x000000070e200000| Untracked 
|  87|0x000000070e400000, 0x000000070e400000, 0x000000070e600000|  0%| F|  |TAMS 0x000000070e400000, 0x000000070e400000| Untracked 
|  88|0x000000070e600000, 0x000000070e600000, 0x000000070e800000|  0%| F|  |TAMS 0x000000070e600000, 0x000000070e600000| Untracked 
|  89|0x000000070e800000, 0x000000070e800000, 0x000000070ea00000|  0%| F|  |TAMS 0x000000070e800000, 0x000000070e800000| Untracked 
|  90|0x000000070ea00000, 0x000000070ea00000, 0x000000070ec00000|  0%| F|  |TAMS 0x000000070ea00000, 0x000000070ea00000| Untracked 
|  91|0x000000070ec00000, 0x000000070ec00000, 0x000000070ee00000|  0%| F|  |TAMS 0x000000070ec00000, 0x000000070ec00000| Untracked 
|  92|0x000000070ee00000, 0x000000070ee00000, 0x000000070f000000|  0%| F|  |TAMS 0x000000070ee00000, 0x000000070ee00000| Untracked 
|  93|0x000000070f000000, 0x000000070f000000, 0x000000070f200000|  0%| F|  |TAMS 0x000000070f000000, 0x000000070f000000| Untracked 
|  94|0x000000070f200000, 0x000000070f200000, 0x000000070f400000|  0%| F|  |TAMS 0x000000070f200000, 0x000000070f200000| Untracked 
|  95|0x000000070f400000, 0x000000070f400000, 0x000000070f600000|  0%| F|  |TAMS 0x000000070f400000, 0x000000070f400000| Untracked 
|  96|0x000000070f600000, 0x000000070f600000, 0x000000070f800000|  0%| F|  |TAMS 0x000000070f600000, 0x000000070f600000| Untracked 
|  97|0x000000070f800000, 0x000000070f800000, 0x000000070fa00000|  0%| F|  |TAMS 0x000000070f800000, 0x000000070f800000| Untracked 
|  98|0x000000070fa00000, 0x000000070fa00000, 0x000000070fc00000|  0%| F|  |TAMS 0x000000070fa00000, 0x000000070fa00000| Untracked 
|  99|0x000000070fc00000, 0x000000070fc00000, 0x000000070fe00000|  0%| F|  |TAMS 0x000000070fc00000, 0x000000070fc00000| Untracked 
| 100|0x000000070fe00000, 0x000000070fe00000, 0x0000000710000000|  0%| F|  |TAMS 0x000000070fe00000, 0x000000070fe00000| Untracked 
| 101|0x0000000710000000, 0x0000000710000000, 0x0000000710200000|  0%| F|  |TAMS 0x0000000710000000, 0x0000000710000000| Untracked 
| 102|0x0000000710200000, 0x0000000710200000, 0x0000000710400000|  0%| F|  |TAMS 0x0000000710200000, 0x0000000710200000| Untracked 
| 103|0x0000000710400000, 0x0000000710400000, 0x0000000710600000|  0%| F|  |TAMS 0x0000000710400000, 0x0000000710400000| Untracked 
| 104|0x0000000710600000, 0x0000000710600000, 0x0000000710800000|  0%| F|  |TAMS 0x0000000710600000, 0x0000000710600000| Untracked 
| 105|0x0000000710800000, 0x0000000710800000, 0x0000000710a00000|  0%| F|  |TAMS 0x0000000710800000, 0x0000000710800000| Untracked 
| 106|0x0000000710a00000, 0x0000000710a00000, 0x0000000710c00000|  0%| F|  |TAMS 0x0000000710a00000, 0x0000000710a00000| Untracked 
| 107|0x0000000710c00000, 0x0000000710c00000, 0x0000000710e00000|  0%| F|  |TAMS 0x0000000710c00000, 0x0000000710c00000| Untracked 
| 108|0x0000000710e00000, 0x0000000710e00000, 0x0000000711000000|  0%| F|  |TAMS 0x0000000710e00000, 0x0000000710e00000| Untracked 
| 109|0x0000000711000000, 0x0000000711000000, 0x0000000711200000|  0%| F|  |TAMS 0x0000000711000000, 0x0000000711000000| Untracked 
| 110|0x0000000711200000, 0x0000000711200000, 0x0000000711400000|  0%| F|  |TAMS 0x0000000711200000, 0x0000000711200000| Untracked 
| 111|0x0000000711400000, 0x0000000711400000, 0x0000000711600000|  0%| F|  |TAMS 0x0000000711400000, 0x0000000711400000| Untracked 
| 112|0x0000000711600000, 0x0000000711600000, 0x0000000711800000|  0%| F|  |TAMS 0x0000000711600000, 0x0000000711600000| Untracked 
| 113|0x0000000711800000, 0x0000000711800000, 0x0000000711a00000|  0%| F|  |TAMS 0x0000000711800000, 0x0000000711800000| Untracked 
| 114|0x0000000711a00000, 0x0000000711a00000, 0x0000000711c00000|  0%| F|  |TAMS 0x0000000711a00000, 0x0000000711a00000| Untracked 
| 115|0x0000000711c00000, 0x0000000711c00000, 0x0000000711e00000|  0%| F|  |TAMS 0x0000000711c00000, 0x0000000711c00000| Untracked 
| 116|0x0000000711e00000, 0x0000000711e00000, 0x0000000712000000|  0%| F|  |TAMS 0x0000000711e00000, 0x0000000711e00000| Untracked 
| 117|0x0000000712000000, 0x0000000712000000, 0x0000000712200000|  0%| F|  |TAMS 0x0000000712000000, 0x0000000712000000| Untracked 
| 118|0x0000000712200000, 0x0000000712200000, 0x0000000712400000|  0%| F|  |TAMS 0x0000000712200000, 0x0000000712200000| Untracked 
| 119|0x0000000712400000, 0x00000007124e27f8, 0x0000000712600000| 44%| E|  |TAMS 0x0000000712400000, 0x0000000712400000| Complete 
| 120|0x0000000712600000, 0x0000000712800000, 0x0000000712800000|100%| E|CS|TAMS 0x0000000712600000, 0x0000000712600000| Complete 
| 121|0x0000000712800000, 0x0000000712a00000, 0x0000000712a00000|100%| E|CS|TAMS 0x0000000712800000, 0x0000000712800000| Complete 
| 122|0x0000000712a00000, 0x0000000712c00000, 0x0000000712c00000|100%| E|CS|TAMS 0x0000000712a00000, 0x0000000712a00000| Complete 
| 123|0x0000000712c00000, 0x0000000712e00000, 0x0000000712e00000|100%| E|CS|TAMS 0x0000000712c00000, 0x0000000712c00000| Complete 
| 124|0x0000000712e00000, 0x0000000713000000, 0x0000000713000000|100%| E|CS|TAMS 0x0000000712e00000, 0x0000000712e00000| Complete 
| 125|0x0000000713000000, 0x0000000713200000, 0x0000000713200000|100%| E|CS|TAMS 0x0000000713000000, 0x0000000713000000| Complete 
| 126|0x0000000713200000, 0x0000000713400000, 0x0000000713400000|100%| E|CS|TAMS 0x0000000713200000, 0x0000000713200000| Complete 

Card table byte_map: [0x000001a6f5730000,0x000001a6f5f20000] _byte_map_base: 0x000001a6f1f15000

Marking Bits (Prev, Next): (CMBitMap*) 0x000001a6ddd0aa20, (CMBitMap*) 0x000001a6ddd0aa60
 Prev Bits: [0x000001a6f6710000, 0x000001a6fa638000)
 Next Bits: [0x000001a6fa640000, 0x000001a6fe568000)

Polling page: 0x000001a6dd470000

Metaspace:

Usage:
  Non-class:      8.10 MB used.
      Class:    985.41 KB used.
       Both:      9.07 MB used.

Virtual space:
  Non-class space:       64.00 MB reserved,       8.25 MB ( 13%) committed,  1 nodes.
      Class space:        1.00 GB reserved,       1.12 MB ( <1%) committed,  1 nodes.
             Both:        1.06 GB reserved,       9.38 MB ( <1%) committed. 

Chunk freelists:
   Non-Class:  2.98 MB
       Class:  2.73 MB
        Both:  5.71 MB

MaxMetaspaceSize: unlimited
CompressedClassSpaceSize: 1.00 GB
Initial GC threshold: 21.00 MB
Current GC threshold: 21.00 MB
CDS: on
MetaspaceReclaimPolicy: balanced
 - commit_granule_bytes: 65536.
 - commit_granule_words: 8192.
 - virtual_space_node_default_size: 8388608.
 - enlarge_chunks_in_place: 1.
 - new_chunks_are_fully_committed: 0.
 - uncommit_free_chunks: 1.
 - use_allocation_guard: 0.


Internal statistics:

num_allocs_failed_limit: 0.
num_arena_births: 234.
num_arena_deaths: 0.
num_vsnodes_births: 2.
num_vsnodes_deaths: 0.
num_space_committed: 150.
num_space_uncommitted: 0.
num_chunks_returned_to_freelist: 0.
num_chunks_taken_from_freelist: 310.
num_chunk_merges: 0.
num_chunk_splits: 197.
num_chunks_enlarged: 122.
num_inconsistent_stats: 0.

CodeHeap 'non-profiled nmethods': size=120000Kb used=439Kb max_used=439Kb free=119560Kb
 bounds [0x000001a6ed6e0000, 0x000001a6ed950000, 0x000001a6f4c10000]
CodeHeap 'profiled nmethods': size=120000Kb used=2214Kb max_used=2214Kb free=117785Kb
 bounds [0x000001a6e5c10000, 0x000001a6e5e80000, 0x000001a6ed140000]
CodeHeap 'non-nmethods': size=5760Kb used=1420Kb max_used=1442Kb free=4339Kb
 bounds [0x000001a6ed140000, 0x000001a6ed3b0000, 0x000001a6ed6e0000]
 total_blobs=2067 nmethods=1400 adapters=578
 compilation: enabled
              stopped_count=0, restarted_count=0
 full_count=0

Compilation events (20 events):
Event: 5.547 Thread 0x000001a6fefec790 nmethod 1389 0x000001a6e5e34d10 code [0x000001a6e5e35060, 0x000001a6e5e36308]
Event: 5.904 Thread 0x000001a6fefec790 1391       3       java.awt.event.MouseEvent::<init> (211 bytes)
Event: 5.906 Thread 0x000001a6fefec790 nmethod 1391 0x000001a6e5e36710 code [0x000001a6e5e36a00, 0x000001a6e5e37cf8]
Event: 5.906 Thread 0x000001a6fefec790 1394       3       java.awt.geom.Rectangle2D$Double::<init> (15 bytes)
Event: 5.906 Thread 0x000001a6fefe7500 1399       4       jdk.internal.misc.Unsafe::getByte (7 bytes)
Event: 5.906 Thread 0x000001a6fefec790 nmethod 1394 0x000001a6e5e38310 code [0x000001a6e5e384c0, 0x000001a6e5e38778]
Event: 5.906 Thread 0x000001a6fefec790 1395       3       java.awt.geom.Rectangle2D$Double::setRect (23 bytes)
Event: 5.906 Thread 0x000001a6fefec790 nmethod 1395 0x000001a6e5e38910 code [0x000001a6e5e38aa0, 0x000001a6e5e38bb8]
Event: 5.906 Thread 0x000001a6fefec790 1396       3       java.awt.Rectangle::clip (39 bytes)
Event: 5.907 Thread 0x000001a6fefec790 nmethod 1396 0x000001a6e5e38c90 code [0x000001a6e5e38ea0, 0x000001a6e5e39218]
Event: 5.907 Thread 0x000001a6fefec790 1397       1       java.awt.geom.AffineTransform::getTranslateX (5 bytes)
Event: 5.907 Thread 0x000001a6fefe7500 nmethod 1399 0x000001a6ed74cc10 code [0x000001a6ed74cd80, 0x000001a6ed74cdf8]
Event: 5.907 Thread 0x000001a6fefec790 nmethod 1397 0x000001a6ed74cf10 code [0x000001a6ed74d0a0, 0x000001a6ed74d178]
Event: 5.907 Thread 0x000001a6fefec790 1398       1       java.awt.geom.AffineTransform::getTranslateY (5 bytes)
Event: 5.907 Thread 0x000001a6fefec790 nmethod 1398 0x000001a6ed74d210 code [0x000001a6ed74d3a0, 0x000001a6ed74d478]
Event: 5.907 Thread 0x000001a6fefec790 1392       3       java.awt.event.InputEvent::<init> (26 bytes)
Event: 5.907 Thread 0x000001a6fefec790 nmethod 1392 0x000001a6e5e39310 code [0x000001a6e5e394c0, 0x000001a6e5e396b8]
Event: 5.907 Thread 0x000001a6fefec790 1393       3       java.awt.event.InputEvent$1::setCanAccessSystemClipboard (6 bytes)
Event: 5.907 Thread 0x000001a6fefec790 nmethod 1393 0x000001a6e5e39810 code [0x000001a6e5e399a0, 0x000001a6e5e39ab8]
Event: 5.995 Thread 0x000001a6fefe7500 1400       4       java.util.HashMap::get (19 bytes)

GC Heap History (0 events):
No events

Dll operation events (10 events):
Event: 0.006 Loaded shared library C:\Program Files\Java\jdk-19\bin\java.dll
Event: 0.015 Loaded shared library C:\Program Files\Java\jdk-19\bin\jsvml.dll
Event: 0.072 Loaded shared library C:\Program Files\Java\jdk-19\bin\net.dll
Event: 0.073 Loaded shared library C:\Program Files\Java\jdk-19\bin\nio.dll
Event: 0.090 Loaded shared library C:\Program Files\Java\jdk-19\bin\zip.dll
Event: 0.107 Loaded shared library C:\Program Files\Java\jdk-19\bin\jimage.dll
Event: 0.119 Loaded shared library C:\Program Files\Java\jdk-19\bin\awt.dll
Event: 0.223 Loaded shared library C:\Program Files\Java\jdk-19\bin\freetype.dll
Event: 0.223 Loaded shared library C:\Program Files\Java\jdk-19\bin\fontmanager.dll
Event: 0.369 Loaded shared library C:\Users\ACER\AppData\Local\Temp\flatlaf.temp\flatlaf-windows-x86_64-42201555322000.dll

Deoptimization events (20 events):
Event: 0.355 Thread 0x000001a6867f9bf0 Uncommon trap: trap_request=0xffffff45 fr.pc=0x000001a6ed71d3dc relative=0x0000000000000abc
Event: 0.355 Thread 0x000001a6867f9bf0 Uncommon trap: reason=unstable_if action=reinterpret pc=0x000001a6ed71d3dc method=java.util.HashMap.hash(Ljava/lang/Object;)I @ 1 c2
Event: 0.355 Thread 0x000001a6867f9bf0 DEOPT PACKING pc=0x000001a6ed71d3dc sp=0x0000005ca64fe360
Event: 0.355 Thread 0x000001a6867f9bf0 DEOPT UNPACKING pc=0x000001a6ed1aa5a3 sp=0x0000005ca64fe300 mode 2
Event: 0.370 Thread 0x000001a6867f9bf0 Uncommon trap: trap_request=0xffffff45 fr.pc=0x000001a6ed717194 relative=0x00000000000002d4
Event: 0.370 Thread 0x000001a6867f9bf0 Uncommon trap: reason=unstable_if action=reinterpret pc=0x000001a6ed717194 method=java.util.HashMap.hash(Ljava/lang/Object;)I @ 1 c2
Event: 0.370 Thread 0x000001a6867f9bf0 DEOPT PACKING pc=0x000001a6ed717194 sp=0x0000005ca64fe500
Event: 0.370 Thread 0x000001a6867f9bf0 DEOPT UNPACKING pc=0x000001a6ed1aa5a3 sp=0x0000005ca64fe3f8 mode 2
Event: 0.512 Thread 0x000001a686a35f30 Uncommon trap: trap_request=0xffffff45 fr.pc=0x000001a6ed72d4e4 relative=0x00000000000005a4
Event: 0.512 Thread 0x000001a686a35f30 Uncommon trap: reason=unstable_if action=reinterpret pc=0x000001a6ed72d4e4 method=java.lang.AbstractStringBuilder.append(Ljava/lang/String;)Ljava/lang/AbstractStringBuilder; @ 1 c2
Event: 0.512 Thread 0x000001a686a35f30 DEOPT PACKING pc=0x000001a6ed72d4e4 sp=0x0000005ca65fdd90
Event: 0.512 Thread 0x000001a686a35f30 DEOPT UNPACKING pc=0x000001a6ed1aa5a3 sp=0x0000005ca65fdd68 mode 2
Event: 0.568 Thread 0x000001a686a35f30 Uncommon trap: trap_request=0xffffff45 fr.pc=0x000001a6ed736318 relative=0x0000000000000518
Event: 0.568 Thread 0x000001a686a35f30 Uncommon trap: reason=unstable_if action=reinterpret pc=0x000001a6ed736318 method=java.util.regex.Matcher.search(I)Z @ 30 c2
Event: 0.568 Thread 0x000001a686a35f30 DEOPT PACKING pc=0x000001a6ed736318 sp=0x0000005ca65fe900
Event: 0.568 Thread 0x000001a686a35f30 DEOPT UNPACKING pc=0x000001a6ed1aa5a3 sp=0x0000005ca65fe8f0 mode 2
Event: 0.572 Thread 0x000001a686a35f30 Uncommon trap: trap_request=0xffffff45 fr.pc=0x000001a6ed723998 relative=0x0000000000000438
Event: 0.572 Thread 0x000001a686a35f30 Uncommon trap: reason=unstable_if action=reinterpret pc=0x000001a6ed723998 method=java.lang.AbstractStringBuilder.append(C)Ljava/lang/AbstractStringBuilder; @ 14 c2
Event: 0.572 Thread 0x000001a686a35f30 DEOPT PACKING pc=0x000001a6ed723998 sp=0x0000005ca65fef10
Event: 0.572 Thread 0x000001a686a35f30 DEOPT UNPACKING pc=0x000001a6ed1aa5a3 sp=0x0000005ca65fee98 mode 2

Classes loaded (20 events):
Event: 0.660 Loading class java/text/AttributedString
Event: 0.661 Loading class java/text/AttributedString done
Event: 0.661 Loading class java/text/AttributedString$AttributedStringIterator
Event: 0.661 Loading class java/text/AttributedCharacterIterator
Event: 0.661 Loading class java/text/CharacterIterator
Event: 0.661 Loading class java/text/CharacterIterator done
Event: 0.661 Loading class java/text/AttributedCharacterIterator done
Event: 0.661 Loading class java/text/AttributedString$AttributedStringIterator done
Event: 0.932 Loading class java/util/concurrent/locks/AbstractQueuedSynchronizer$ExclusiveNode
Event: 0.932 Loading class java/util/concurrent/locks/AbstractQueuedSynchronizer$ExclusiveNode done
Event: 2.668 Loading class java/awt/LightweightDispatcher$2
Event: 2.669 Loading class java/awt/LightweightDispatcher$2 done
Event: 4.711 Loading class java/awt/geom/Path2D$Float$CopyIterator
Event: 4.711 Loading class java/awt/geom/Path2D$Float$CopyIterator done
Event: 5.980 Loading class java/awt/Window$1DisposeAction
Event: 5.980 Loading class java/awt/Window$1DisposeAction done
Event: 5.980 Loading class java/awt/KeyboardFocusManager$2
Event: 5.980 Loading class java/awt/KeyboardFocusManager$2 done
Event: 5.981 Loading class sun/awt/SunToolkit$1
Event: 5.981 Loading class sun/awt/SunToolkit$1 done

Classes unloaded (0 events):
No events

Classes redefined (0 events):
No events

Internal exceptions (20 events):
Event: 0.269 Thread 0x000001a6ddc98b20 Exception <a 'java/lang/NoSuchMethodError'{0x0000000712d65768}: 'java.lang.Object java.lang.invoke.DirectMethodHandle$Holder.invokeSpecial(java.lang.Object, java.lang.Object, java.lang.Object, java.lang.Object, float)'> (0x0000000712d65768) 
thrown [s\open\src\hotspot\share\interpreter\linkResolver.cpp, line 774]
Event: 0.269 Thread 0x000001a6ddc98b20 Exception <a 'java/lang/NoSuchMethodError'{0x0000000712d69090}: 'java.lang.Object java.lang.invoke.Invokers$Holder.linkToTargetMethod(java.lang.Object, java.lang.Object, float, java.lang.Object)'> (0x0000000712d69090) 
thrown [s\open\src\hotspot\share\interpreter\linkResolver.cpp, line 774]
Event: 0.304 Thread 0x000001a6ddc98b20 Exception <a 'java/lang/ClassNotFoundException'{0x0000000712a374b8}: com/sun/swing/internal/plaf/basic/resources/spi/basicProvider> (0x0000000712a374b8) 
thrown [s\open\src\hotspot\share\classfile\systemDictionary.cpp, line 255]
Event: 0.340 Thread 0x000001a6867f9bf0 Exception <a 'java/lang/NoSuchMethodError'{0x0000000712b04110}: 'java.lang.Object java.lang.invoke.Invokers$Holder.invokeExact_MT(java.lang.Object, java.lang.Object, java.lang.Object, java.lang.Object, java.lang.Object, java.lang.Object)'> (0x0000000712b04110) 
thrown [s\open\src\hotspot\share\interpreter\linkResolver.cpp, line 774]
Event: 0.355 Thread 0x000001a6867f9bf0 Implicit null exception at 0x000001a6ed71c95e to 0x000001a6ed71d3c0
Event: 0.358 Thread 0x000001a6867f9bf0 Exception <a 'java/lang/NoSuchMethodError'{0x0000000712bdd0c8}: 'int java.lang.invoke.Invokers$Holder.invokeExact_MT(java.lang.Object, java.lang.Object)'> (0x0000000712bdd0c8) 
thrown [s\open\src\hotspot\share\interpreter\linkResolver.cpp, line 774]
Event: 0.362 Thread 0x000001a6867f9bf0 Exception <a 'sun/nio/fs/WindowsException'{0x0000000712bf5d40}> (0x0000000712bf5d40) 
thrown [s\open\src\hotspot\share\prims\jni.cpp, line 517]
Event: 0.370 Thread 0x000001a6867f9bf0 Implicit null exception at 0x000001a6ed716f0d to 0x000001a6ed717174
Event: 0.381 Thread 0x000001a6ff4a8a90 Exception <a 'java/lang/NoSuchMethodError'{0x0000000712f77e98}: 'void java.lang.invoke.DirectMethodHandle$Holder.invokeVirtual(java.lang.Object, java.lang.Object)'> (0x0000000712f77e98) 
thrown [s\open\src\hotspot\share\interpreter\linkResolver.cpp, line 774]
Event: 0.399 Thread 0x000001a6867f9bf0 Exception <a 'java/lang/NoSuchMethodError'{0x000000071282ac18}: 'void java.lang.invoke.DirectMethodHandle$Holder.invokeStaticInit(java.lang.Object)'> (0x000000071282ac18) 
thrown [s\open\src\hotspot\share\interpreter\linkResolver.cpp, line 774]
Event: 0.473 Thread 0x000001a686a35f30 Exception <a 'java/lang/NoSuchMethodError'{0x0000000712960508}: 'java.lang.Object java.lang.invoke.DirectMethodHandle$Holder.newInvokeSpecial(java.lang.Object, java.lang.Object, java.lang.Object, int, int, int, int, int)'> (0x0000000712960508) 
thrown [s\open\src\hotspot\share\interpreter\linkResolver.cpp, line 774]
Event: 0.512 Thread 0x000001a686a35f30 Implicit null exception at 0x000001a6ed72cf72 to 0x000001a6ed72d4cc
Event: 0.620 Thread 0x000001a6867f9bf0 Exception <a 'java/lang/NoSuchMethodError'{0x000000071278be28}: 'int java.lang.invoke.DirectMethodHandle$Holder.invokeSpecial(java.lang.Object, java.lang.Object, java.lang.Object, int)'> (0x000000071278be28) 
thrown [s\open\src\hotspot\share\interpreter\linkResolver.cpp, line 774]
Event: 0.621 Thread 0x000001a6867f9bf0 Exception <a 'java/lang/NoSuchMethodError'{0x000000071279e5d0}: 'java.lang.Object java.lang.invoke.DirectMethodHandle$Holder.invokeStatic(java.lang.Object, java.lang.Object, java.lang.Object, java.lang.Object, int)'> (0x000000071279e5d0) 
thrown [s\open\src\hotspot\share\interpreter\linkResolver.cpp, line 774]
Event: 0.623 Thread 0x000001a6867f9bf0 Exception <a 'java/lang/NoSuchMethodError'{0x00000007127ad4b0}: 'float java.lang.invoke.DelegatingMethodHandle$Holder.reinvoke_L(java.lang.Object, java.lang.Object, int)'> (0x00000007127ad4b0) 
thrown [s\open\src\hotspot\share\interpreter\linkResolver.cpp, line 774]
Event: 0.624 Thread 0x000001a6867f9bf0 Exception <a 'java/lang/NoSuchMethodError'{0x00000007127b8128}: 'void java.lang.invoke.DelegatingMethodHandle$Holder.reinvoke_L(java.lang.Object, java.lang.Object, java.lang.Object, java.lang.Object, int, float, float)'> (0x00000007127b8128) 
thrown [s\open\src\hotspot\share\interpreter\linkResolver.cpp, line 774]
Event: 0.629 Thread 0x000001a6867f9bf0 Exception <a 'java/lang/NoSuchMethodError'{0x00000007127cbb18}: 'int java.lang.invoke.DirectMethodHandle$Holder.invokeSpecial(java.lang.Object, java.lang.Object, java.lang.Object)'> (0x00000007127cbb18) 
thrown [s\open\src\hotspot\share\interpreter\linkResolver.cpp, line 774]
Event: 0.633 Thread 0x000001a6867f9bf0 Exception <a 'java/lang/NoSuchMethodError'{0x00000007127df0f0}: 'java.lang.Object java.lang.invoke.DirectMethodHandle$Holder.invokeStatic(java.lang.Object, java.lang.Object, int)'> (0x00000007127df0f0) 
thrown [s\open\src\hotspot\share\interpreter\linkResolver.cpp, line 774]
Event: 0.634 Thread 0x000001a6867f9bf0 Exception <a 'java/lang/NoSuchMethodError'{0x00000007127ea690}: 'void java.lang.invoke.DelegatingMethodHandle$Holder.delegate(java.lang.Object, java.lang.Object, int, java.lang.Object)'> (0x00000007127ea690) 
thrown [s\open\src\hotspot\share\interpreter\linkResolver.cpp, line 774]
Event: 0.641 Thread 0x000001a6867f9bf0 Exception <a 'java/lang/NoSuchMethodError'{0x000000071240b7b8}: 'void java.lang.invoke.DirectMethodHandle$Holder.invokeSpecial(java.lang.Object, java.lang.Object, java.lang.Object, int, int, int, int, double)'> (0x000000071240b7b8) 
thrown [s\open\src\hotspot\share\interpreter\linkResolver.cpp, line 774]

VM Operations (20 events):
Event: 0.142 Executing VM operation: HandshakeAllThreads
Event: 0.142 Executing VM operation: HandshakeAllThreads done
Event: 0.344 Executing VM operation: HandshakeAllThreads
Event: 0.344 Executing VM operation: HandshakeAllThreads done
Event: 0.580 Executing VM operation: ICBufferFull
Event: 0.580 Executing VM operation: ICBufferFull done
Event: 0.632 Executing VM operation: HandshakeAllThreads
Event: 0.632 Executing VM operation: HandshakeAllThreads done
Event: 0.650 Executing VM operation: HandshakeAllThreads
Event: 0.650 Executing VM operation: HandshakeAllThreads done
Event: 0.932 Executing VM operation: HandshakeAllThreads
Event: 0.932 Executing VM operation: HandshakeAllThreads done
Event: 1.934 Executing VM operation: Cleanup
Event: 1.935 Executing VM operation: Cleanup done
Event: 2.942 Executing VM operation: Cleanup
Event: 2.943 Executing VM operation: Cleanup done
Event: 4.952 Executing VM operation: Cleanup
Event: 4.953 Executing VM operation: Cleanup done
Event: 5.956 Executing VM operation: Cleanup
Event: 5.956 Executing VM operation: Cleanup done

Events (20 events):
Event: 0.030 Thread 0x000001a6fefd5470 Thread added: 0x000001a6fefd5470
Event: 0.030 Thread 0x000001a6fefd93a0 Thread added: 0x000001a6fefd93a0
Event: 0.030 Thread 0x000001a6ff110310 Thread added: 0x000001a6ff110310
Event: 0.030 Thread 0x000001a6ff110c40 Thread added: 0x000001a6ff110c40
Event: 0.030 Thread 0x000001a6ff111570 Thread added: 0x000001a6ff111570
Event: 0.030 Thread 0x000001a6fefe7500 Thread added: 0x000001a6fefe7500
Event: 0.031 Thread 0x000001a6fefec790 Thread added: 0x000001a6fefec790
Event: 0.031 Thread 0x000001a6fefed100 Thread added: 0x000001a6fefed100
Event: 0.057 Thread 0x000001a6fefa9040 Thread added: 0x000001a6fefa9040
Event: 0.087 Thread 0x000001a6ff261cc0 Thread added: 0x000001a6ff261cc0
Event: 0.095 Thread 0x000001a6ff2e07f0 Thread added: 0x000001a6ff2e07f0
Event: 0.180 Thread 0x000001a6ff4a8010 Thread added: 0x000001a6ff4a8010
Event: 0.181 Thread 0x000001a6ff4a8550 Thread added: 0x000001a6ff4a8550
Event: 0.182 Thread 0x000001a6ff4a8a90 Thread added: 0x000001a6ff4a8a90
Event: 0.325 Thread 0x000001a6867f9bf0 Thread added: 0x000001a6867f9bf0
Event: 0.325 Thread 0x000001a6ddc98b20 Thread exited: 0x000001a6ddc98b20
Event: 0.325 Thread 0x000001a6ddc98b20 Thread added: 0x000001a6ddc98b20
Event: 0.468 Thread 0x000001a686a35f30 Thread added: 0x000001a686a35f30
Event: 0.932 Thread 0x000001a6ff2e07f0 Thread exited: 0x000001a6ff2e07f0
Event: 5.581 Thread 0x000001a686a35f30 Thread exited: 0x000001a686a35f30


Dynamic libraries:
0x00007ff7f3210000 - 0x00007ff7f3220000 	C:\Program Files\Java\jdk-19\bin\java.exe
0x00007ffccfbf0000 - 0x00007ffccfde5000 	C:\Windows\SYSTEM32\ntdll.dll
0x00007ffccdfa0000 - 0x00007ffcce05e000 	C:\Windows\System32\KERNEL32.DLL
0x00007ffccd870000 - 0x00007ffccdb39000 	C:\Windows\System32\KERNELBASE.dll
0x00007ffccd610000 - 0x00007ffccd710000 	C:\Windows\System32\ucrtbase.dll
0x00007ffc6d770000 - 0x00007ffc6d78b000 	C:\Program Files\Java\jdk-19\bin\VCRUNTIME140.dll
0x00007ffcb4d80000 - 0x00007ffcb4d98000 	C:\Program Files\Java\jdk-19\bin\jli.dll
0x00007ffcced50000 - 0x00007ffccedfc000 	C:\Windows\System32\ADVAPI32.dll
0x00007ffccea60000 - 0x00007ffcceafe000 	C:\Windows\System32\msvcrt.dll
0x00007ffccecb0000 - 0x00007ffcced4b000 	C:\Windows\System32\sechost.dll
0x00007ffcceef0000 - 0x00007ffccf01a000 	C:\Windows\System32\RPCRT4.dll
0x00007ffccddf0000 - 0x00007ffccdf91000 	C:\Windows\System32\USER32.dll
0x00007ffccd840000 - 0x00007ffccd862000 	C:\Windows\System32\win32u.dll
0x00007ffcb4130000 - 0x00007ffcb43ca000 	C:\Windows\WinSxS\amd64_microsoft.windows.common-controls_6595b64144ccf1df_6.0.19041.1110_none_60b5254171f9507e\COMCTL32.dll
0x00007ffcce900000 - 0x00007ffcce92b000 	C:\Windows\System32\GDI32.dll
0x00007ffccd500000 - 0x00007ffccd60b000 	C:\Windows\System32\gdi32full.dll
0x00007ffccd7a0000 - 0x00007ffccd83d000 	C:\Windows\System32\msvcp_win.dll
0x00007ffcc3240000 - 0x00007ffcc324a000 	C:\Windows\SYSTEM32\VERSION.dll
0x00007ffccf3c0000 - 0x00007ffccf3f0000 	C:\Windows\System32\IMM32.DLL
0x00007ffcc21d0000 - 0x00007ffcc21dc000 	C:\Program Files\Java\jdk-19\bin\vcruntime140_1.dll
0x00007ffc611c0000 - 0x00007ffc6124e000 	C:\Program Files\Java\jdk-19\bin\msvcp140.dll
0x00007ffc61520000 - 0x00007ffc621e0000 	C:\Program Files\Java\jdk-19\bin\server\jvm.dll
0x00007ffcbb600000 - 0x00007ffcbb627000 	C:\Windows\SYSTEM32\WINMM.dll
0x00007ffcaeb40000 - 0x00007ffcaeb49000 	C:\Windows\SYSTEM32\WSOCK32.dll
0x00007ffcce9f0000 - 0x00007ffccea5b000 	C:\Windows\System32\WS2_32.dll
0x00007ffccbb90000 - 0x00007ffccbba2000 	C:\Windows\SYSTEM32\kernel.appcore.dll
0x00007ffcbfb00000 - 0x00007ffcbfb0a000 	C:\Program Files\Java\jdk-19\bin\jimage.dll
0x00007ffccadc0000 - 0x00007ffccafa4000 	C:\Windows\SYSTEM32\DBGHELP.DLL
0x00007ffcaeac0000 - 0x00007ffcaeaec000 	C:\Windows\SYSTEM32\dbgcore.DLL
0x00007ffccd710000 - 0x00007ffccd793000 	C:\Windows\System32\bcryptPrimitives.dll
0x00007ffc614f0000 - 0x00007ffc61516000 	C:\Program Files\Java\jdk-19\bin\java.dll
0x00007ffc61410000 - 0x00007ffc614e7000 	C:\Program Files\Java\jdk-19\bin\jsvml.dll
0x00007ffccf470000 - 0x00007ffccfbaf000 	C:\Windows\System32\SHELL32.dll
0x00007ffccb3f0000 - 0x00007ffccbb80000 	C:\Windows\SYSTEM32\windows.storage.dll
0x00007ffcce0c0000 - 0x00007ffcce415000 	C:\Windows\System32\combase.dll
0x00007ffccccf0000 - 0x00007ffcccd1c000 	C:\Windows\SYSTEM32\Wldp.dll
0x00007ffccf310000 - 0x00007ffccf3bd000 	C:\Windows\System32\SHCORE.dll
0x00007ffccee90000 - 0x00007ffcceee5000 	C:\Windows\System32\shlwapi.dll
0x00007ffccd250000 - 0x00007ffccd26f000 	C:\Windows\SYSTEM32\profapi.dll
0x00007ffc67670000 - 0x00007ffc67683000 	C:\Program Files\Java\jdk-19\bin\net.dll
0x00007ffcc8590000 - 0x00007ffcc8698000 	C:\Windows\SYSTEM32\WINHTTP.dll
0x00007ffccca50000 - 0x00007ffcccaba000 	C:\Windows\system32\mswsock.dll
0x00007ffc66fd0000 - 0x00007ffc66fe6000 	C:\Program Files\Java\jdk-19\bin\nio.dll
0x00007ffc613f0000 - 0x00007ffc61408000 	C:\Program Files\Java\jdk-19\bin\zip.dll
0x00007ffc61250000 - 0x00007ffc613e1000 	C:\Program Files\Java\jdk-19\bin\awt.dll
0x00007ffccdc40000 - 0x00007ffccdd0d000 	C:\Windows\System32\OLEAUT32.dll
0x00007ffcca4f0000 - 0x00007ffcca580000 	C:\Windows\SYSTEM32\apphelp.dll
0x00007ffcca650000 - 0x00007ffcca6ee000 	C:\Windows\system32\uxtheme.dll
0x00007ffcceb00000 - 0x00007ffccec15000 	C:\Windows\System32\MSCTF.dll
0x00007ffccf030000 - 0x00007ffccf15a000 	C:\Windows\System32\ole32.dll
0x00007ffc61130000 - 0x00007ffc611b6000 	C:\Program Files\Java\jdk-19\bin\freetype.dll
0x00007ffc61060000 - 0x00007ffc61126000 	C:\Program Files\Java\jdk-19\bin\fontmanager.dll
0x00007ffcca8c0000 - 0x00007ffcca8ef000 	C:\Windows\system32\DWMAPI.DLL
0x00007ffc8ada0000 - 0x00007ffc8aec5000 	C:\Windows\system32\opengl32.dll
0x00007ffc8f640000 - 0x00007ffc8f66c000 	C:\Windows\SYSTEM32\GLU32.dll
0x00007ffcc0cc0000 - 0x00007ffcc0cc6000 	C:\Users\ACER\AppData\Local\Temp\flatlaf.temp\flatlaf-windows-x86_64-42201555322000.dll
0x00007ffc61010000 - 0x00007ffc61017000 	C:\Program Files\Java\jdk-19\bin\jawt.dll
0x00007ffcbef70000 - 0x00007ffcbf069000 	C:\Windows\SYSTEM32\textinputframework.dll
0x00007ffcc9bd0000 - 0x00007ffcc9f2e000 	C:\Windows\System32\CoreUIComponents.dll
0x00007ffcca2b0000 - 0x00007ffcca3a2000 	C:\Windows\System32\CoreMessaging.dll
0x00007ffccc000000 - 0x00007ffccc033000 	C:\Windows\SYSTEM32\ntmarta.dll
0x00007ffcc8bf0000 - 0x00007ffcc8d44000 	C:\Windows\SYSTEM32\wintypes.dll

dbghelp: loaded successfully - version: 4.0.5 - missing functions: none
symbol engine: initialized successfully - sym options: 0x614 - pdb path: .;C:\Program Files\Java\jdk-19\bin;C:\Windows\SYSTEM32;C:\Windows\WinSxS\amd64_microsoft.windows.common-controls_6595b64144ccf1df_6.0.19041.1110_none_60b5254171f9507e;C:\Program Files\Java\jdk-19\bin\server;C:\Users\ACER\AppData\Local\Temp\flatlaf.temp

VM Arguments:
jvm_args: -Dfile.encoding=UTF-8 --module-path=C:\Users\ACER\Documents\NetBeansProjects\ERP\build\classes 
java_command: com.erp.UnitPage
java_class_path (initial): D:\PLUGIN & LIBRARY IREPORT\ERP\AbsoluteLayout.jar;D:\PLUGIN & LIBRARY IREPORT\ERP\flatlaf-1.3.jar;D:\PLUGIN & LIBRARY IREPORT\ERP\flatlaf-intellij-themes-1.3.jar;D:\PLUGIN & LIBRARY IREPORT\ERP\jcalendar-1.4.jar;D:\PLUGIN & LIBRARY IREPORT\ERP\jgoodies-common-1.2.0.jar;D:\PLUGIN & LIBRARY IREPORT\ERP\jgoodies-looks-2.4.1.jar;D:\PLUGIN & LIBRARY IREPORT\ERP\junit-4.6.jar;D:\PLUGIN & LIBRARY IREPORT\ERP\mysql-connector-java-8.0.25.jar;C:\Users\ACER\Documents\NetBeansProjects\ERP\build\classes
Launcher Type: SUN_STANDARD

[Global flags]
     intx CICompilerCount                          = 4                                         {product} {ergonomic}
     uint ConcGCThreads                            = 2                                         {product} {ergonomic}
     uint G1ConcRefinementThreads                  = 8                                         {product} {ergonomic}
   size_t G1HeapRegionSize                         = 2097152                                   {product} {ergonomic}
    uintx GCDrainStackTargetSize                   = 64                                        {product} {ergonomic}
   size_t InitialHeapSize                          = 266338304                                 {product} {ergonomic}
   size_t MarkStackSize                            = 4194304                                   {product} {ergonomic}
   size_t MaxHeapSize                              = 4238344192                                {product} {ergonomic}
   size_t MaxNewSize                               = 2541748224                                {product} {ergonomic}
   size_t MinHeapDeltaBytes                        = 2097152                                   {product} {ergonomic}
   size_t MinHeapSize                              = 8388608                                   {product} {ergonomic}
    uintx NonNMethodCodeHeapSize                   = 5839372                                {pd product} {ergonomic}
    uintx NonProfiledCodeHeapSize                  = 122909434                              {pd product} {ergonomic}
    uintx ProfiledCodeHeapSize                     = 122909434                              {pd product} {ergonomic}
    uintx ReservedCodeCacheSize                    = 251658240                              {pd product} {ergonomic}
     bool SegmentedCodeCache                       = true                                      {product} {ergonomic}
   size_t SoftMaxHeapSize                          = 4238344192                             {manageable} {ergonomic}
     bool UseCompressedClassPointers               = true                           {product lp64_product} {ergonomic}
     bool UseCompressedOops                        = true                           {product lp64_product} {ergonomic}
     bool UseG1GC                                  = true                                      {product} {ergonomic}
     bool UseLargePagesIndividualAllocation        = false                                  {pd product} {ergonomic}

Logging:
Log output configuration:
 #0: stdout all=warning uptime,level,tags foldmultilines=false
 #1: stderr all=off uptime,level,tags foldmultilines=false

Environment Variables:
PATH=C:\Python314\Scripts\;C:\Python314\;C:\ProgramData\Oracle\Java\javapath;C:\Program Files\Common Files\Oracle\Java\javapath;C:\Windows\system32;C:\Windows;C:\Windows\System32\Wbem;C:\Windows\System32\WindowsPowerShell\v1.0\;C:\Windows\System32\OpenSSH\;C:\Program Files\dotnet\;C:\Program Files\Java\jdk-19;C:\Program Files\Git\cmd;C:\Program Files\nodejs\;C:\ProgramData\chocolatey\bin;C:\Users\ACER\AppData\Local\Microsoft\WindowsApps;C:\Program Files\Java\jdk-19\bin;C:\Users\ACER\AppData\Local\Programs\cursor\resources\app\bin;C:\Users\ACER\AppData\Local\Programs\Microsoft VS Code\bin;C:\Users\ACER\AppData\Roaming\npm
USERNAME=Zaw Min Htwe
OS=Windows_NT
PROCESSOR_IDENTIFIER=Intel64 Family 6 Model 140 Stepping 1, GenuineIntel
TMP=C:\Users\ACER\AppData\Local\Temp
TEMP=C:\Users\ACER\AppData\Local\Temp



---------------  S Y S T E M  ---------------

OS:
 Windows 10 , 64 bit Build 19041 (10.0.19041.1202)
OS uptime: 0 days 1:10 hours

CPU: total 8 (initial active 8) (4 cores per cpu, 2 threads per core) family 6 model 140 stepping 1 microcode 0xaa, cx8, cmov, fxsr, ht, mmx, 3dnowpref, sse, sse2, sse3, ssse3, sse4.1, sse4.2, popcnt, lzcnt, tsc, tscinvbit, avx, avx2, aes, erms, clmul, bmi1, bmi2, adx, avx512f, avx512dq, avx512cd, avx512bw, avx512vl, sha, fma, vzeroupper, avx512_vpopcntdq, avx512_vpclmulqdq, avx512_vaes, avx512_vnni, clflush, clflushopt, clwb, avx512_vbmi2, avx512_vbmi, rdtscp, rdpid, fsrm, gfni, avx512_bitalg

Memory: 4k page, system-wide physical 16163M (7096M free)
TotalPageFile size 18595M (AvailPageFile size 6048M)
current process WorkingSet (physical memory assigned to process): 70M, peak: 73M
current process commit charge ("private bytes"): 357M, peak: 361M

vm_info: Java HotSpot(TM) 64-Bit Server VM (19.0.2+7-44) for windows-amd64 JRE (19.0.2+7-44), built on 2022-11-30T18:02:09Z by "mach5one" with MS VC++ 17.1 (VS2022)

END.
